#test finding non existing path

created graph graph

added node A to graph
added node B to graph

added edge 1.000 from A to B in graph

path from B to A:
no path found